exports[`Login (Snapshot) Login 1`] = `
<div
  className="bgLogin">
  <section
    className="loginWrapper">
    <div
      style={
        Object {
          "display": "inline-block",
          "height": 600,
          "paddingTop": 80,
          "width": 380,
        }
      }>
      <div
        className="banner">
        <div
          style={
            Object {
              "fontSize": "72px",
              "fontWeight": "300",
              "letterSpacing": "8px",
            }
          }>
          ALTITUDE
        </div>
        <div
          className="subtitle">
          CREW INTERFACE
        </div>
        <div
          className="subtitle">
          Version 3.0.1
        </div>
      </div>
      <article>
        <div>
          <div
            className={undefined}
            style={
              Object {
                "backgroundColor": "transparent",
                "cursor": "auto",
                "display": "inline-block",
                "fontFamily": "Roboto, sans-serif",
                "fontSize": 16,
                "height": 72,
                "lineHeight": "24px",
                "muiPrepared": true,
                "position": "relative",
                "transition": "height 200ms cubic-bezier(0.23, 1, 0.32, 1) 0ms",
                "width": 256,
              }
            }>
            <label
              className={undefined}
              htmlFor="undefined-Username-Pleaselogintoaccessyourcrewbiddinginterface-41001"
              onTouchTap={undefined}
              style={
                Object {
                  "color": "#fff",
                  "fontSize": "15px",
                  "lineHeight": "0px",
                  "muiPrepared": true,
                  "pointerEvents": "none",
                  "position": "absolute",
                  "textAlign": "left",
                  "textIndent": "1px",
                  "top": 38,
                  "transform": "scale(0.75) translate(0, -28px)",
                  "transformOrigin": "left top",
                  "transition": "all 450ms cubic-bezier(0.23, 1, 0.32, 1) 0ms",
                  "userSelect": "none",
                  "width": "350px",
                  "zIndex": 1,
                }
              }>
              Please login to access your crew bidding interface
            </label>
            <div
              style={
                Object {
                  "bottom": 12,
                  "color": "rgba(0, 0, 0, 0.3)",
                  "left": "8px",
                  "muiPrepared": true,
                  "opacity": 1,
                  "position": "absolute",
                  "top": "43px",
                  "transition": "all 450ms cubic-bezier(0.23, 1, 0.32, 1) 0ms",
                  "zIndex": 11,
                }
              }>
              Username
            </div>
            <input
              disabled={false}
              id="undefined-Username-Pleaselogintoaccessyourcrewbiddinginterface-41001"
              onBlur={[Function]}
              onChange={[Function]}
              onFocus={[Function]}
              style={
                Object {
                  "WebkitTapHighlightColor": "rgba(0,0,0,0)",
                  "appearance": "textfield",
                  "backgroundColor": "#fff",
                  "border": "none",
                  "boxSizing": "border-box",
                  "color": "rgba(0, 0, 0, 0.87)",
                  "cursor": "inherit",
                  "font": "inherit",
                  "height": "45px",
                  "marginTop": "30px",
                  "muiPrepared": true,
                  "outline": "none",
                  "padding": 0,
                  "position": "relative",
                  "textIndent": "10px",
                  "width": "100%",
                }
              }
              type="text" />
          </div>
        </div>
        <div>
          <div
            className={undefined}
            style={
              Object {
                "backgroundColor": "transparent",
                "cursor": "auto",
                "display": "inline-block",
                "fontFamily": "Roboto, sans-serif",
                "fontSize": 16,
                "height": 48,
                "lineHeight": "24px",
                "muiPrepared": true,
                "position": "relative",
                "transition": "height 200ms cubic-bezier(0.23, 1, 0.32, 1) 0ms",
                "width": 256,
              }
            }>
            <div
              style={
                Object {
                  "bottom": 12,
                  "color": "rgba(0, 0, 0, 0.3)",
                  "left": "8px",
                  "muiPrepared": true,
                  "opacity": 1,
                  "position": "absolute",
                  "top": "43px",
                  "transition": "all 450ms cubic-bezier(0.23, 1, 0.32, 1) 0ms",
                  "zIndex": 11,
                }
              }>
              Password
            </div>
            <input
              disabled={false}
              id="undefined-Password-undefined-49269"
              onBlur={[Function]}
              onChange={[Function]}
              onFocus={[Function]}
              style={
                Object {
                  "WebkitTapHighlightColor": "rgba(0,0,0,0)",
                  "appearance": "textfield",
                  "backgroundColor": "#fff",
                  "border": "none",
                  "color": "rgba(0, 0, 0, 0.87)",
                  "cursor": "inherit",
                  "font": "inherit",
                  "height": "45px",
                  "marginTop": "30px",
                  "muiPrepared": true,
                  "outline": "none",
                  "padding": 0,
                  "position": "relative",
                  "textIndent": "10px",
                  "width": "100%",
                }
              }
              type="password" />
          </div>
        </div>
        <div
          className="btnWrapper">
          <a
            onClick={[Function]}
            style={Object {}}>
            <i
              aria-hidden="true"
              className="fa fa-arrow-right"
              style={
                Object {
                  "color": "#fff",
                }
              } />
          </a>
        </div>
      </article>
    </div>
  </section>
  <footer
    className="Login-Footer">
    <div>
      <figure>
        <img
          src="../../img/adopt_logo.png" />
      </figure>
    </div>
    <div
      className="loginDisclaimer">
      <span>
        AD OPT Crew interface
      </span>
       is a registered trademark of Kronos Incorporated
    </div>
  </footer>
</div>
`;
